<html>
<body>
<pre>
<h1>µVision Build Log</h1>
<h2>Tool Versions:</h2>
IDE-Version: µVision V5.42.0.0
Copyright (C) 2025 ARM Ltd and ARM Germany GmbH. All rights reserved.
License Information: Esmat Rabaki, haw, LIC=----
 
Tool Versions:
Toolchain:       MDK-Lite  Version: 5.42.0.0
Toolchain Path:  C:\Users\esmatrabaki\AppData\Local\Keil_v5\ARM\ARMCLANG\Bin
C Compiler:      ArmClang.exe V6.23
Assembler:       Armasm.exe V6.23
Linker/Locator:  ArmLink.exe V6.23
Library Manager: ArmAr.exe V6.23
Hex Converter:   FromElf.exe V6.23
CPU DLL:         SARMCM3.DLL V5.42.0.0
Dialog DLL:      DCM.DLL V1.17.5.0
Target DLL:      STLink\ST-LINKIII-KEIL_SWO.dll V3.3.0.0
Dialog DLL:      TCM.DLL V1.56.6.0
 
<h2>Project:</h2>
C:\ITS\Projekte\Its-board old\Programs\A2\A2.uvprojx
Project File Date:  05/01/2025

<h2>Output:</h2>
*** Using Compiler 'V6.23', folder: 'C:\Users\esmatrabaki\AppData\Local\Keil_v5\ARM\ARMCLANG\Bin'
Rebuild target 'ITSboard Assembler'
Note: source file '.\main.s' - object file renamed from '.\ITSboard\main.o' to '.\ITSboard\main_1.o
compiling stm32f4xx_it.c...
compiling system_stm32f4xx.c...
compiling stm32f4xx_nucleo_144.c...
assembling startup_stm32f429xx.s...
compiling stm32f4xx_hal.c...
compiling stm32f4xx_hal_cortex.c...
compiling stm32f4xx_hal_dma.c...
compiling stm32f4xx_hal_gpio.c...
compiling stm32f4xx_hal_eth.c...
compiling stm32f4xx_hal_pwr.c...
compiling stm32f4xx_hal_pwr_ex.c...
compiling stm32f4xx_hal_rcc.c...
compiling stm32f4xx_hal_spi.c...
compiling stm32f4xx_hal_tim_ex.c...
compiling font8.c...
compiling font12.c...
compiling font16.c...
compiling stm32f4xx_hal_tim.c...
compiling font20.c...
compiling font24.c...
compiling Consolas40.c...
compiling Consolas60.c...
compiling Consolas80.c...
compiling ConsolasBold40.c...
compiling Consolas90.c...
compiling ConsolasBold60.c...
compiling ConsolasBold80.c...
compiling CourierNew48.c...
compiling ConsolasBold90.c...
compiling CourierNewBold40.c...
compiling FiraMono40.c...
compiling CourierNewBold60.c...
compiling FiraMono60.c...
compiling FiraMono80.c...
compiling FiraMono90.c...
compiling FiraMonoMedium40.c...
compiling FiraMonoMedium60.c...
compiling FiraMonoMedium80.c...
compiling fontsFLASH.c...
compiling FiraMonoMedium90.c...
compiling LCD_Driver.c...
compiling LCD_GUI.c...
compiling LCD_Touch.c...
compiling LCD_GPIO.c...
compiling LCD_SPI.c...
compiling LCD_TIM.c...
compiling LCD_Tools.c...
compiling LCD_Debug.c...
compiling testsoftware.c...
compiling LCD_Demos.c...
compiling delay.c...
compiling error.c...
compiling init.c...
compiling keypad.c...
compiling lcd.c...
compiling retarget_io.c...
compiling stdinout_USART.c...
compiling terminal.c...
assembling main.s...
compiling timer.c...
compiling USART_STM32F4xx.c...
linking...
Program Size: Code=6554 RO-data=618 RW-data=20 ZI-data=1164  
".\ITSboard\ITSboard.axf" - 0 Error(s), 0 Warning(s).

<h2>Software Packages used:</h2>

Package Vendor: ARM
                https://www.keil.com/pack/ARM.CMSIS.6.1.0.pack
                ARM::CMSIS@6.1.0
                CMSIS (Common Microcontroller Software Interface Standard)
   * Component: CORE Version: 6.1.0

Package Vendor: Keil
                https://www.keil.com/pack/Keil.STM32F4xx_DFP.3.0.0.pack
                Keil::STM32F4xx_DFP@3.0.0
                STMicroelectronics STM32F4 Series Device Support

<h2>Collection of Component include folders:</h2>
  ./RTE/_ITSboard_Assembler
  C:/Users/esmatrabaki/AppData/Local/Arm/Packs/ARM/CMSIS/6.1.0/CMSIS/Core/Include

<h2>Collection of Component Files used:</h2>

   * Component: ARM::CMSIS:CORE@6.1.0
Build Time Elapsed:  00:00:05
</pre>
</body>
</html>
